
Repeating all tests (iteration 1) . . .

Note: Google Test filter = HttpClientTimeout.RequestTimesOutAgainstAnUnresponsivePeer
[==========] Running 1 test from 1 test case.
[----------] Global test environment set-up.
[----------] 1 test from HttpClientTimeout
[ RUN      ] HttpClientTimeout.RequestTimesOutAgainstAnUnresponsivePeer
[       OK ] HttpClientTimeout.RequestTimesOutAgainstAnUnresponsivePeer (501 ms)
[----------] 1 test from HttpClientTimeout (501 ms total)

[----------] Global test environment tear-down
[==========] 1 test from 1 test case ran. (501 ms total)
[  PASSED  ] 1 test.

Repeating all tests (iteration 2) . . .

Note: Google Test filter = HttpClientTimeout.RequestTimesOutAgainstAnUnresponsivePeer
[==========] Running 1 test from 1 test case.
[----------] Global test environment set-up.
[----------] 1 test from HttpClientTimeout
[ RUN      ] HttpClientTimeout.RequestTimesOutAgainstAnUnresponsivePeer
[       OK ] HttpClientTimeout.RequestTimesOutAgainstAnUnresponsivePeer (501 ms)
[----------] 1 test from HttpClientTimeout (501 ms total)

[----------] Global test environment tear-down
[==========] 1 test from 1 test case ran. (501 ms total)
[  PASSED  ] 1 test.

Repeating all tests (iteration 3) . . .

Note: Google Test filter = HttpClientTimeout.RequestTimesOutAgainstAnUnresponsivePeer
[==========] Running 1 test from 1 test case.
[----------] Global test environment set-up.
[----------] 1 test from HttpClientTimeout
[ RUN      ] HttpClientTimeout.RequestTimesOutAgainstAnUnresponsivePeer
[       OK ] HttpClientTimeout.RequestTimesOutAgainstAnUnresponsivePeer (501 ms)
[----------] 1 test from HttpClientTimeout (501 ms total)

[----------] Global test environment tear-down
[==========] 1 test from 1 test case ran. (501 ms total)
[  PASSED  ] 1 test.

Repeating all tests (iteration 4) . . .

Note: Google Test filter = HttpClientTimeout.RequestTimesOutAgainstAnUnresponsivePeer
[==========] Running 1 test from 1 test case.
[----------] Global test environment set-up.
[----------] 1 test from HttpClientTimeout
[ RUN      ] HttpClientTimeout.RequestTimesOutAgainstAnUnresponsivePeer
[       OK ] HttpClientTimeout.RequestTimesOutAgainstAnUnresponsivePeer (501 ms)
[----------] 1 test from HttpClientTimeout (501 ms total)

[----------] Global test environment tear-down
[==========] 1 test from 1 test case ran. (501 ms total)
[  PASSED  ] 1 test.

Repeating all tests (iteration 5) . . .

Note: Google Test filter = HttpClientTimeout.RequestTimesOutAgainstAnUnresponsivePeer
[==========] Running 1 test from 1 test case.
[----------] Global test environment set-up.
[----------] 1 test from HttpClientTimeout
[ RUN      ] HttpClientTimeout.RequestTimesOutAgainstAnUnresponsivePeer
[       OK ] HttpClientTimeout.RequestTimesOutAgainstAnUnresponsivePeer (501 ms)
[----------] 1 test from HttpClientTimeout (501 ms total)

[----------] Global test environment tear-down
[==========] 1 test from 1 test case ran. (501 ms total)
[  PASSED  ] 1 test.

Repeating all tests (iteration 6) . . .

Note: Google Test filter = HttpClientTimeout.RequestTimesOutAgainstAnUnresponsivePeer
[==========] Running 1 test from 1 test case.
[----------] Global test environment set-up.
[----------] 1 test from HttpClientTimeout
[ RUN      ] HttpClientTimeout.RequestTimesOutAgainstAnUnresponsivePeer
[       OK ] HttpClientTimeout.RequestTimesOutAgainstAnUnresponsivePeer (501 ms)
[----------] 1 test from HttpClientTimeout (501 ms total)

[----------] Global test environment tear-down
[==========] 1 test from 1 test case ran. (501 ms total)
[  PASSED  ] 1 test.

Repeating all tests (iteration 7) . . .

Note: Google Test filter = HttpClientTimeout.RequestTimesOutAgainstAnUnresponsivePeer
[==========] Running 1 test from 1 test case.
[----------] Global test environment set-up.
[----------] 1 test from HttpClientTimeout
[ RUN      ] HttpClientTimeout.RequestTimesOutAgainstAnUnresponsivePeer
[       OK ] HttpClientTimeout.RequestTimesOutAgainstAnUnresponsivePeer (501 ms)
[----------] 1 test from HttpClientTimeout (501 ms total)

[----------] Global test environment tear-down
[==========] 1 test from 1 test case ran. (501 ms total)
[  PASSED  ] 1 test.

Repeating all tests (iteration 8) . . .

Note: Google Test filter = HttpClientTimeout.RequestTimesOutAgainstAnUnresponsivePeer
[==========] Running 1 test from 1 test case.
[----------] Global test environment set-up.
[----------] 1 test from HttpClientTimeout
[ RUN      ] HttpClientTimeout.RequestTimesOutAgainstAnUnresponsivePeer
[       OK ] HttpClientTimeout.RequestTimesOutAgainstAnUnresponsivePeer (501 ms)
[----------] 1 test from HttpClientTimeout (501 ms total)

[----------] Global test environment tear-down
[==========] 1 test from 1 test case ran. (501 ms total)
[  PASSED  ] 1 test.

Repeating all tests (iteration 9) . . .

Note: Google Test filter = HttpClientTimeout.RequestTimesOutAgainstAnUnresponsivePeer
[==========] Running 1 test from 1 test case.
[----------] Global test environment set-up.
[----------] 1 test from HttpClientTimeout
[ RUN      ] HttpClientTimeout.RequestTimesOutAgainstAnUnresponsivePeer
[       OK ] HttpClientTimeout.RequestTimesOutAgainstAnUnresponsivePeer (501 ms)
[----------] 1 test from HttpClientTimeout (501 ms total)

[----------] Global test environment tear-down
[==========] 1 test from 1 test case ran. (501 ms total)
[  PASSED  ] 1 test.

Repeating all tests (iteration 10) . . .

Note: Google Test filter = HttpClientTimeout.RequestTimesOutAgainstAnUnresponsivePeer
[==========] Running 1 test from 1 test case.
[----------] Global test environment set-up.
[----------] 1 test from HttpClientTimeout
[ RUN      ] HttpClientTimeout.RequestTimesOutAgainstAnUnresponsivePeer
[       OK ] HttpClientTimeout.RequestTimesOutAgainstAnUnresponsivePeer (501 ms)
[----------] 1 test from HttpClientTimeout (501 ms total)

[----------] Global test environment tear-down
[==========] 1 test from 1 test case ran. (501 ms total)
[  PASSED  ] 1 test.

Repeating all tests (iteration 11) . . .

Note: Google Test filter = HttpClientTimeout.RequestTimesOutAgainstAnUnresponsivePeer
[==========] Running 1 test from 1 test case.
[----------] Global test environment set-up.
[----------] 1 test from HttpClientTimeout
[ RUN      ] HttpClientTimeout.RequestTimesOutAgainstAnUnresponsivePeer
[       OK ] HttpClientTimeout.RequestTimesOutAgainstAnUnresponsivePeer (501 ms)
[----------] 1 test from HttpClientTimeout (501 ms total)

[----------] Global test environment tear-down
[==========] 1 test from 1 test case ran. (501 ms total)
[  PASSED  ] 1 test.

Repeating all tests (iteration 12) . . .

Note: Google Test filter = HttpClientTimeout.RequestTimesOutAgainstAnUnresponsivePeer
[==========] Running 1 test from 1 test case.
[----------] Global test environment set-up.
[----------] 1 test from HttpClientTimeout
[ RUN      ] HttpClientTimeout.RequestTimesOutAgainstAnUnresponsivePeer
[       OK ] HttpClientTimeout.RequestTimesOutAgainstAnUnresponsivePeer (501 ms)
[----------] 1 test from HttpClientTimeout (501 ms total)

[----------] Global test environment tear-down
[==========] 1 test from 1 test case ran. (501 ms total)
[  PASSED  ] 1 test.

Repeating all tests (iteration 13) . . .

Note: Google Test filter = HttpClientTimeout.RequestTimesOutAgainstAnUnresponsivePeer
[==========] Running 1 test from 1 test case.
[----------] Global test environment set-up.
[----------] 1 test from HttpClientTimeout
[ RUN      ] HttpClientTimeout.RequestTimesOutAgainstAnUnresponsivePeer
[       OK ] HttpClientTimeout.RequestTimesOutAgainstAnUnresponsivePeer (501 ms)
[----------] 1 test from HttpClientTimeout (501 ms total)

[----------] Global test environment tear-down
[==========] 1 test from 1 test case ran. (501 ms total)
[  PASSED  ] 1 test.

Repeating all tests (iteration 14) . . .

Note: Google Test filter = HttpClientTimeout.RequestTimesOutAgainstAnUnresponsivePeer
[==========] Running 1 test from 1 test case.
[----------] Global test environment set-up.
[----------] 1 test from HttpClientTimeout
[ RUN      ] HttpClientTimeout.RequestTimesOutAgainstAnUnresponsivePeer
[       OK ] HttpClientTimeout.RequestTimesOutAgainstAnUnresponsivePeer (501 ms)
[----------] 1 test from HttpClientTimeout (501 ms total)

[----------] Global test environment tear-down
[==========] 1 test from 1 test case ran. (501 ms total)
[  PASSED  ] 1 test.

Repeating all tests (iteration 15) . . .

Note: Google Test filter = HttpClientTimeout.RequestTimesOutAgainstAnUnresponsivePeer
[==========] Running 1 test from 1 test case.
[----------] Global test environment set-up.
[----------] 1 test from HttpClientTimeout
[ RUN      ] HttpClientTimeout.RequestTimesOutAgainstAnUnresponsivePeer
[       OK ] HttpClientTimeout.RequestTimesOutAgainstAnUnresponsivePeer (501 ms)
[----------] 1 test from HttpClientTimeout (501 ms total)

[----------] Global test environment tear-down
[==========] 1 test from 1 test case ran. (501 ms total)
[  PASSED  ] 1 test.

Repeating all tests (iteration 16) . . .

Note: Google Test filter = HttpClientTimeout.RequestTimesOutAgainstAnUnresponsivePeer
[==========] Running 1 test from 1 test case.
[----------] Global test environment set-up.
[----------] 1 test from HttpClientTimeout
[ RUN      ] HttpClientTimeout.RequestTimesOutAgainstAnUnresponsivePeer
[       OK ] HttpClientTimeout.RequestTimesOutAgainstAnUnresponsivePeer (501 ms)
[----------] 1 test from HttpClientTimeout (501 ms total)

[----------] Global test environment tear-down
[==========] 1 test from 1 test case ran. (501 ms total)
[  PASSED  ] 1 test.

Repeating all tests (iteration 17) . . .

Note: Google Test filter = HttpClientTimeout.RequestTimesOutAgainstAnUnresponsivePeer
[==========] Running 1 test from 1 test case.
[----------] Global test environment set-up.
[----------] 1 test from HttpClientTimeout
[ RUN      ] HttpClientTimeout.RequestTimesOutAgainstAnUnresponsivePeer
[       OK ] HttpClientTimeout.RequestTimesOutAgainstAnUnresponsivePeer (501 ms)
[----------] 1 test from HttpClientTimeout (501 ms total)

[----------] Global test environment tear-down
[==========] 1 test from 1 test case ran. (501 ms total)
[  PASSED  ] 1 test.

Repeating all tests (iteration 18) . . .

Note: Google Test filter = HttpClientTimeout.RequestTimesOutAgainstAnUnresponsivePeer
[==========] Running 1 test from 1 test case.
[----------] Global test environment set-up.
[----------] 1 test from HttpClientTimeout
[ RUN      ] HttpClientTimeout.RequestTimesOutAgainstAnUnresponsivePeer
[       OK ] HttpClientTimeout.RequestTimesOutAgainstAnUnresponsivePeer (501 ms)
[----------] 1 test from HttpClientTimeout (501 ms total)

[----------] Global test environment tear-down
[==========] 1 test from 1 test case ran. (501 ms total)
[  PASSED  ] 1 test.

Repeating all tests (iteration 19) . . .

Note: Google Test filter = HttpClientTimeout.RequestTimesOutAgainstAnUnresponsivePeer
[==========] Running 1 test from 1 test case.
[----------] Global test environment set-up.
[----------] 1 test from HttpClientTimeout
[ RUN      ] HttpClientTimeout.RequestTimesOutAgainstAnUnresponsivePeer
[       OK ] HttpClientTimeout.RequestTimesOutAgainstAnUnresponsivePeer (501 ms)
[----------] 1 test from HttpClientTimeout (501 ms total)

[----------] Global test environment tear-down
[==========] 1 test from 1 test case ran. (501 ms total)
[  PASSED  ] 1 test.

Repeating all tests (iteration 20) . . .

Note: Google Test filter = HttpClientTimeout.RequestTimesOutAgainstAnUnresponsivePeer
[==========] Running 1 test from 1 test case.
[----------] Global test environment set-up.
[----------] 1 test from HttpClientTimeout
[ RUN      ] HttpClientTimeout.RequestTimesOutAgainstAnUnresponsivePeer
[       OK ] HttpClientTimeout.RequestTimesOutAgainstAnUnresponsivePeer (501 ms)
[----------] 1 test from HttpClientTimeout (501 ms total)

[----------] Global test environment tear-down
[==========] 1 test from 1 test case ran. (501 ms total)
[  PASSED  ] 1 test.

Repeating all tests (iteration 21) . . .

Note: Google Test filter = HttpClientTimeout.RequestTimesOutAgainstAnUnresponsivePeer
[==========] Running 1 test from 1 test case.
[----------] Global test environment set-up.
[----------] 1 test from HttpClientTimeout
[ RUN      ] HttpClientTimeout.RequestTimesOutAgainstAnUnresponsivePeer
[       OK ] HttpClientTimeout.RequestTimesOutAgainstAnUnresponsivePeer (501 ms)
[----------] 1 test from HttpClientTimeout (501 ms total)

[----------] Global test environment tear-down
[==========] 1 test from 1 test case ran. (501 ms total)
[  PASSED  ] 1 test.

Repeating all tests (iteration 22) . . .

Note: Google Test filter = HttpClientTimeout.RequestTimesOutAgainstAnUnresponsivePeer
[==========] Running 1 test from 1 test case.
[----------] Global test environment set-up.
[----------] 1 test from HttpClientTimeout
[ RUN      ] HttpClientTimeout.RequestTimesOutAgainstAnUnresponsivePeer
[       OK ] HttpClientTimeout.RequestTimesOutAgainstAnUnresponsivePeer (501 ms)
[----------] 1 test from HttpClientTimeout (501 ms total)

[----------] Global test environment tear-down
[==========] 1 test from 1 test case ran. (501 ms total)
[  PASSED  ] 1 test.

Repeating all tests (iteration 23) . . .

Note: Google Test filter = HttpClientTimeout.RequestTimesOutAgainstAnUnresponsivePeer
[==========] Running 1 test from 1 test case.
[----------] Global test environment set-up.
[----------] 1 test from HttpClientTimeout
[ RUN      ] HttpClientTimeout.RequestTimesOutAgainstAnUnresponsivePeer
[       OK ] HttpClientTimeout.RequestTimesOutAgainstAnUnresponsivePeer (501 ms)
[----------] 1 test from HttpClientTimeout (501 ms total)

[----------] Global test environment tear-down
[==========] 1 test from 1 test case ran. (501 ms total)
[  PASSED  ] 1 test.

Repeating all tests (iteration 24) . . .

Note: Google Test filter = HttpClientTimeout.RequestTimesOutAgainstAnUnresponsivePeer
[==========] Running 1 test from 1 test case.
[----------] Global test environment set-up.
[----------] 1 test from HttpClientTimeout
[ RUN      ] HttpClientTimeout.RequestTimesOutAgainstAnUnresponsivePeer
[       OK ] HttpClientTimeout.RequestTimesOutAgainstAnUnresponsivePeer (501 ms)
[----------] 1 test from HttpClientTimeout (501 ms total)

[----------] Global test environment tear-down
[==========] 1 test from 1 test case ran. (501 ms total)
[  PASSED  ] 1 test.

Repeating all tests (iteration 25) . . .

Note: Google Test filter = HttpClientTimeout.RequestTimesOutAgainstAnUnresponsivePeer
[==========] Running 1 test from 1 test case.
[----------] Global test environment set-up.
[----------] 1 test from HttpClientTimeout
[ RUN      ] HttpClientTimeout.RequestTimesOutAgainstAnUnresponsivePeer
[       OK ] HttpClientTimeout.RequestTimesOutAgainstAnUnresponsivePeer (501 ms)
[----------] 1 test from HttpClientTimeout (501 ms total)

[----------] Global test environment tear-down
[==========] 1 test from 1 test case ran. (501 ms total)
[  PASSED  ] 1 test.

Repeating all tests (iteration 26) . . .

Note: Google Test filter = HttpClientTimeout.RequestTimesOutAgainstAnUnresponsivePeer
[==========] Running 1 test from 1 test case.
[----------] Global test environment set-up.
[----------] 1 test from HttpClientTimeout
[ RUN      ] HttpClientTimeout.RequestTimesOutAgainstAnUnresponsivePeer
[       OK ] HttpClientTimeout.RequestTimesOutAgainstAnUnresponsivePeer (501 ms)
[----------] 1 test from HttpClientTimeout (501 ms total)

[----------] Global test environment tear-down
[==========] 1 test from 1 test case ran. (501 ms total)
[  PASSED  ] 1 test.

Repeating all tests (iteration 27) . . .

Note: Google Test filter = HttpClientTimeout.RequestTimesOutAgainstAnUnresponsivePeer
[==========] Running 1 test from 1 test case.
[----------] Global test environment set-up.
[----------] 1 test from HttpClientTimeout
[ RUN      ] HttpClientTimeout.RequestTimesOutAgainstAnUnresponsivePeer
[       OK ] HttpClientTimeout.RequestTimesOutAgainstAnUnresponsivePeer (501 ms)
[----------] 1 test from HttpClientTimeout (501 ms total)

[----------] Global test environment tear-down
[==========] 1 test from 1 test case ran. (501 ms total)
[  PASSED  ] 1 test.

Repeating all tests (iteration 28) . . .

Note: Google Test filter = HttpClientTimeout.RequestTimesOutAgainstAnUnresponsivePeer
[==========] Running 1 test from 1 test case.
[----------] Global test environment set-up.
[----------] 1 test from HttpClientTimeout
[ RUN      ] HttpClientTimeout.RequestTimesOutAgainstAnUnresponsivePeer
[       OK ] HttpClientTimeout.RequestTimesOutAgainstAnUnresponsivePeer (501 ms)
[----------] 1 test from HttpClientTimeout (501 ms total)

[----------] Global test environment tear-down
[==========] 1 test from 1 test case ran. (501 ms total)
[  PASSED  ] 1 test.

Repeating all tests (iteration 29) . . .

Note: Google Test filter = HttpClientTimeout.RequestTimesOutAgainstAnUnresponsivePeer
[==========] Running 1 test from 1 test case.
[----------] Global test environment set-up.
[----------] 1 test from HttpClientTimeout
[ RUN      ] HttpClientTimeout.RequestTimesOutAgainstAnUnresponsivePeer
[       OK ] HttpClientTimeout.RequestTimesOutAgainstAnUnresponsivePeer (501 ms)
[----------] 1 test from HttpClientTimeout (501 ms total)

[----------] Global test environment tear-down
[==========] 1 test from 1 test case ran. (501 ms total)
[  PASSED  ] 1 test.

Repeating all tests (iteration 30) . . .

Note: Google Test filter = HttpClientTimeout.RequestTimesOutAgainstAnUnresponsivePeer
[==========] Running 1 test from 1 test case.
[----------] Global test environment set-up.
[----------] 1 test from HttpClientTimeout
[ RUN      ] HttpClientTimeout.RequestTimesOutAgainstAnUnresponsivePeer
[       OK ] HttpClientTimeout.RequestTimesOutAgainstAnUnresponsivePeer (501 ms)
[----------] 1 test from HttpClientTimeout (501 ms total)

[----------] Global test environment tear-down
[==========] 1 test from 1 test case ran. (501 ms total)
[  PASSED  ] 1 test.
