test_claim_exact_amount_and_ordinary_next_wallet_spend (test_bitcoin_regtest.BitcoinRegtest.test_claim_exact_amount_and_ordinary_next_wallet_spend) ... ok
test_claim_remains_valid_after_refund_deadline (test_bitcoin_regtest.BitcoinRegtest.test_claim_remains_valid_after_refund_deadline) ... ok
test_interpreter_size_guard_rejects_matching_31_byte_preimage (test_bitcoin_regtest.BitcoinRegtest.test_interpreter_size_guard_rejects_matching_31_byte_preimage) ... ok
test_refund_candidate_height_boundary (test_bitcoin_regtest.BitcoinRegtest.test_refund_candidate_height_boundary) ... ok
test_refund_requires_locktime_and_nonfinal_sequence (test_bitcoin_regtest.BitcoinRegtest.test_refund_requires_locktime_and_nonfinal_sequence) ... ok
test_refund_wins_conflict_and_restart (test_bitcoin_regtest.BitcoinRegtest.test_refund_wins_conflict_and_restart) ... ok
test_reorg_reaccepts_claim_and_duplicate_broadcast (test_bitcoin_regtest.BitcoinRegtest.test_reorg_reaccepts_claim_and_duplicate_broadcast) ... ok
test_secret_length_hash_and_destination_tamper (test_bitcoin_regtest.BitcoinRegtest.test_secret_length_hash_and_destination_tamper) ... ok
test_atomic_two_instruction_conflict_rolls_back_first_transfer (test_solana_vm.SolanaVmTests.test_atomic_two_instruction_conflict_rolls_back_first_transfer) ... ok
test_claim_after_deadline_and_both_spend_orders (test_solana_vm.SolanaVmTests.test_claim_after_deadline_and_both_spend_orders) ... ok
test_closed_state_cannot_reinitialize_or_claim_twice (test_solana_vm.SolanaVmTests.test_closed_state_cannot_reinitialize_or_claim_twice) ... ok
test_compute_exhaustion_around_cpi_rolls_back_token_transfer (test_solana_vm.SolanaVmTests.test_compute_exhaustion_around_cpi_rolls_back_token_transfer) ... ok
test_distinct_valid_vault_and_mint_rejected_by_binding_not_alias (test_solana_vm.SolanaVmTests.test_distinct_valid_vault_and_mint_rejected_by_binding_not_alias) ... ok
test_funding_unsigned_state_and_delegate_or_close_authority (test_solana_vm.SolanaVmTests.test_funding_unsigned_state_and_delegate_or_close_authority) ... ok
test_issuer_freeze_preserves_funds_and_thaw_allows_retry (test_solana_vm.SolanaVmTests.test_issuer_freeze_preserves_funds_and_thaw_allows_retry) ... ok
test_real_spl_fund_claim_exact_amount_no_redirect_and_next_transfer (test_solana_vm.SolanaVmTests.test_real_spl_fund_claim_exact_amount_no_redirect_and_next_transfer) ... ok
test_refund_exact_slot_and_retry_after_rejection (test_solana_vm.SolanaVmTests.test_refund_exact_slot_and_retry_after_rejection) ... ok
test_stale_blockhash_then_resign_same_identity (test_solana_vm.SolanaVmTests.test_stale_blockhash_then_resign_same_identity) ... ok
test_synthetic_inconsistent_supply_overflow_rejected (test_solana_vm.SolanaVmTests.test_synthetic_inconsistent_supply_overflow_rejected) ... ok
test_wrong_destination_vault_authority_mint_program_and_alias (test_solana_vm.SolanaVmTests.test_wrong_destination_vault_authority_mint_program_and_alias) ... ok
test_wrong_secret_length_trailing_bytes_leave_funds_locked (test_solana_vm.SolanaVmTests.test_wrong_secret_length_trailing_bytes_leave_funds_locked) ... ok
test_admission_exception_and_attempt_history_guards (test_swap_journal.JournalTests.test_admission_exception_and_attempt_history_guards) ... ok
test_attempted_retry_protects_despite_new_incident (test_swap_journal.JournalTests.test_attempted_retry_protects_despite_new_incident) ... ok
test_ciphertext_wrong_key_corruption_and_missing_file_fail_closed (test_swap_journal.JournalTests.test_ciphertext_wrong_key_corruption_and_missing_file_fail_closed) ... ok
test_claim_kind_cannot_omit_exposure_gate (test_swap_journal.JournalTests.test_claim_kind_cannot_omit_exposure_gate) ... ok
test_exposure_commits_before_sender_and_survives_reorg_restart (test_swap_journal.JournalTests.test_exposure_commits_before_sender_and_survives_reorg_restart) ... ok
test_low_confirmations_stale_freeze_fee_and_budget_guards (test_swap_journal.JournalTests.test_low_confirmations_stale_freeze_fee_and_budget_guards) ... ok
test_no_rebinding_no_exposure_reset_and_wrong_reconciliation (test_swap_journal.JournalTests.test_no_rebinding_no_exposure_reset_and_wrong_reconciliation) ... ok
test_prepared_restart_still_requires_fresh_admission (test_swap_journal.JournalTests.test_prepared_restart_still_requires_fresh_admission) ... ok
test_process_kill_before_and_after_commit_and_after_rpc_side_effect (test_swap_journal.JournalTests.test_process_kill_before_and_after_commit_and_after_rpc_side_effect) ... ok
test_schema_one_is_not_silently_reinterpreted (test_swap_journal.JournalTests.test_schema_one_is_not_silently_reinterpreted) ... ok
test_stale_prepare_does_not_authorize_first_broadcast (test_swap_journal.JournalTests.test_stale_prepare_does_not_authorize_first_broadcast) ... ok
test_timeout_retry_exact_artifact_without_second_funding (test_swap_journal.JournalTests.test_timeout_retry_exact_artifact_without_second_funding) ... ok
test_unknown_kinds_fail_closed_and_refund_does_not_disclose (test_swap_journal.JournalTests.test_unknown_kinds_fail_closed_and_refund_does_not_disclose) ... ok
test_consumed_state_blocks_renewal_even_without_old_signature_history (test_solana_journal.SolanaJournalTests.test_consumed_state_blocks_renewal_even_without_old_signature_history) ... ok
test_current_blockhash_and_unchanged_attempt_are_checked (test_solana_journal.SolanaJournalTests.test_current_blockhash_and_unchanged_attempt_are_checked) ... ok
test_expired_attempted_claim_renews_and_protective_retry_keeps_exposure (test_solana_journal.SolanaJournalTests.test_expired_attempted_claim_renews_and_protective_retry_keeps_exposure) ... ok
test_expired_prepared_attempt_renews_without_disclosing_then_claims (test_solana_journal.SolanaJournalTests.test_expired_prepared_attempt_renews_without_disclosing_then_claims) ... ok
test_expired_refund_renews_only_when_replacement_really_executes (test_solana_journal.SolanaJournalTests.test_expired_refund_renews_only_when_replacement_really_executes) ... ok
test_extra_instruction_funding_and_malformed_artifact_fail_closed (test_solana_journal.SolanaJournalTests.test_extra_instruction_funding_and_malformed_artifact_fail_closed) ... ok
test_missing_signature_and_frozen_destination_do_not_authorize_renewal (test_solana_journal.SolanaJournalTests.test_missing_signature_and_frozen_destination_do_not_authorize_renewal) ... ok
test_original_transaction_identity_is_bound_to_proof (test_solana_journal.SolanaJournalTests.test_original_transaction_identity_is_bound_to_proof) ... ok
test_rejected_label_or_changed_blockhash_is_not_expiry_proof (test_solana_journal.SolanaJournalTests.test_rejected_label_or_changed_blockhash_is_not_expiry_proof) ... ok
test_semantic_redirect_role_secret_and_payer_changes_are_rejected (test_solana_journal.SolanaJournalTests.test_semantic_redirect_role_secret_and_payer_changes_are_rejected) ... ok
test_successfully_executed_old_attempt_cannot_be_renewed (test_solana_journal.SolanaJournalTests.test_successfully_executed_old_attempt_cannot_be_renewed) ... ok
test_expired_snapshot_can_renew_then_complete_with_fresh_admission (test_journal_recovery.RecoveryTests.test_expired_snapshot_can_renew_then_complete_with_fresh_admission) ... ok
test_failure_before_publication_leaves_invalid_destination_and_locked_temp (test_journal_recovery.RecoveryTests.test_failure_before_publication_leaves_invalid_destination_and_locked_temp) ... ok
test_inconsistent_attempt_marker_cannot_replace_explicit_exposure_admission (test_journal_recovery.RecoveryTests.test_inconsistent_attempt_marker_cannot_replace_explicit_exposure_admission) ... ok
test_known_attempt_started_snapshot_keeps_protective_retry (test_journal_recovery.RecoveryTests.test_known_attempt_started_snapshot_keeps_protective_retry) ... ok
test_missing_or_changed_immutable_terms_never_authorize_recovery (test_journal_recovery.RecoveryTests.test_missing_or_changed_immutable_terms_never_authorize_recovery) ... ok
test_real_process_exit_during_append_has_only_old_or_complete_new_attempt (test_journal_recovery.RecoveryTests.test_real_process_exit_during_append_has_only_old_or_complete_new_attempt) ... ok
test_recovered_refund_executes_without_secret_disclosure (test_journal_recovery.RecoveryTests.test_recovered_refund_executes_without_secret_disclosure) ... ok
test_recovery_blocks_new_identity_new_funding_and_funding_replay (test_journal_recovery.RecoveryTests.test_recovery_blocks_new_identity_new_funding_and_funding_replay) ... ok
test_repeated_renewal_cas_idempotency_and_lost_append_response (test_journal_recovery.RecoveryTests.test_repeated_renewal_cas_idempotency_and_lost_append_response) ... ok
test_restore_preserves_source_rejects_overwrite_and_persists_lock (test_journal_recovery.RecoveryTests.test_restore_preserves_source_rejects_overwrite_and_persists_lock) ... ok
test_schema2_restore_migrates_only_new_copy_and_bad_key_fails_closed (test_journal_recovery.RecoveryTests.test_schema2_restore_migrates_only_new_copy_and_bad_key_fails_closed) ... ok
test_snapshot_before_original_settlement_cannot_send_again (test_journal_recovery.RecoveryTests.test_snapshot_before_original_settlement_cannot_send_again) ... ok
test_stale_unexposed_snapshot_does_not_inherit_protective_send_permission (test_journal_recovery.RecoveryTests.test_stale_unexposed_snapshot_does_not_inherit_protective_send_permission) ... ok

----------------------------------------------------------------------
Ran 58 tests in 2.857s

OK
